[www.makeproductions.com/index.html]
[backblue.gif]
[fade.gif]
[index.html]
[www.makeproductions.com/wp-content/uploads/2015/09/MAKE-Productions-Primary.jpg]
[www.makeproductions.com/wp-content/uploads/2015/09/1.png]
[www.makeproductions.com/wp-content/uploads/2015/09/2.png]
[www.makeproductions.com/feed/index.html]
[www.makeproductions.com/wp-content/uploads/2015/09/3.png]
[www.makeproductions.com/wp-content/uploads/2015/09/4.png]
[www.makeproductions.com/comments/feed/index.html]
[www.makeproductions.com/wp-content/uploads/2015/09/5.png]
[www.makeproductions.com/sample-page-2/feed/index.html]
[www.makeproductions.com/wp-content/uploads/2015/09/6.png]
[www.makeproductions.com/wp-content/uploads/2015/09/7.png]
[www.makeproductions.com/wp-content/uploads/2015/09/8.png]
[www.makeproductions.com/wp-content/uploads/2015/09/10.png]
[www.makeproductions.com/wp-content/uploads/2015/09/9.png]
[www.makeproductions.com/wp-content/uploads/2015/09/11.png]
[www.makeproductions.com/wp-content/uploads/2015/09/12.png]
[www.makeproductions.com/wp-content/uploads/2015/09/13.png]
[www.makeproductions.com/wp-content/plugins/wysija-newsletters/css/validationEngine.jquery.css]
[www.makeproductions.com/wp-content/plugins/contact-form-7/includes/css/styles.css]
[www.makeproductions.com/wp-content/plugins/revslider/public/assets/css/settings.css]
[www.makeproductions.com/wp-content/plugins/showcase-visual-composer-addon/assets/css/owl.carousel.min.css]
[www.makeproductions.com/wp-content/plugins/showcase-visual-composer-addon/assets/css/owl.theme.min.css]
[www.makeproductions.com/wp-content/plugins/showcase-visual-composer-addon/assets/css/style.min.css]
[www.makeproductions.com/wp-content/themes/rhythm/css/bootstrap.min.css]
[www.makeproductions.com/wp-content/themes/rhythm/css/style-responsive.css]
[www.makeproductions.com/wp-content/themes/rhythm/css/style.css]
[www.makeproductions.com/wp-content/themes/rhythm/css/animate.min.css]
[www.makeproductions.com/wp-content/themes/rhythm/css/vertical-rhythm.min.css]
[www.makeproductions.com/wp-content/themes/rhythm/css/owl.carousel.css]
[www.makeproductions.com/wp-content/themes/rhythm/css/magnific-popup.css]
[www.makeproductions.com/wp-content/themes/rhythm/css/font-awesome.min.css]
[www.makeproductions.com/wp-content/themes/rhythm/css/et-line.css]
[www.makeproductions.com/wp-content/themes/rhythm/style.css]
[www.makeproductions.com/wp-content/uploads/js_composer/js_composer_front_custom.css]
[www.makeproductions.com/wp-includes/js/jquery/jquery.js]
[www.makeproductions.com/wp-includes/js/jquery/jquery-migrate.min.js]
[www.makeproductions.com/wp-content/plugins/revslider/public/assets/js/jquery.themepunch.revolution.min.js]
[www.makeproductions.com/wp-content/plugins/revslider/public/assets/js/jquery.themepunch.tools.min.js]
[www.makeproductions.com/wp-content/plugins/google-analyticator/external-tracking.min.js]
[www.makeproductions.com/xmlrpc0db0.php]
[www.makeproductions.com/wp-includes/wlwmanifest.xml]
[www.makeproductions.com/wp-json/index.html]
[www.makeproductions.com/wp-json/oembed/1.0/embedb020.json]
[www.makeproductions.com/wp-content/uploads/2015/08/MAKE-Productions-Logo2.png]
[www.makeproductions.com/wp-json/oembed/1.0/embed49ed]
[www.makeproductions.com/wp-content/uploads/2018/01/702.png]
[www.makeproductions.com/showreel-trailers/index.html]
[www.makeproductions.com/wp-content/uploads/2018/01/TVF2017-e1516103856204.jpg]
[www.makeproductions.com/who/index.html]
[www.makeproductions.com/awards/index.html]
[www.makeproductions.com/wp-content/uploads/2014/10/World-Media-Awards-2017-e1516105247939.jpg]
[www.makeproductions.com/wp-content/uploads/2014/10/Logo_ATA_2017.png]
[www.makeproductions.com/wp-content/uploads/2018/01/awards20152.jpg]
[www.makeproductions.com/latest-news/index.html]
[www.makeproductions.com/wp-content/uploads/2018/01/awards20151.jpg]
[www.makeproductions.com/contact/index.html]
[www.makeproductions.com/wp-content/uploads/2018/01/cof.png]
[www.makeproductions.com/wp-content/uploads/2018/01/BIteamlab.png]
[www.makeproductions.com/portfolio/china-on-film/index.html]
[www.makeproductions.com/portfolio/teamlab/index.html]
[www.makeproductions.com/wp-content/uploads/2018/01/itsmarvel.png]
[www.makeproductions.com/portfolio/inside-storm-back-brink-marvel/index.html]
[www.makeproductions.com/wp-content/uploads/2018/01/hbboasia.jpg]
[www.makeproductions.com/wp-content/uploads/2015/09/Aljazeera.png]
[www.makeproductions.com/wp-content/uploads/2015/09/EATN.png]
[www.makeproductions.com/wp-content/uploads/2015/09/BBC.png]
[www.makeproductions.com/wp-content/uploads/2015/09/Channel5.png]
[www.makeproductions.com/wp-content/uploads/2014/10/channel-4.jpg]
[www.makeproductions.com/wp-content/uploads/2015/09/Channel-News-Asia.png]
[www.makeproductions.com/wp-content/uploads/2015/09/Bloomberg.png]
[www.makeproductions.com/wp-content/uploads/2015/09/Deutsche-Welle.png]
[www.makeproductions.com/wp-content/uploads/2014/10/hbboasia.jpg]
[www.makeproductions.com/wp-content/uploads/2015/09/Aljazeera1.png]
[www.makeproductions.com/wp-content/uploads/2015/09/BBC1.png]
[www.makeproductions.com/wp-content/uploads/2015/09/Channel-News-Asia1.png]
[www.makeproductions.com/wp-content/uploads/2014/10/channel-4-2.jpg]
[www.makeproductions.com/wp-content/uploads/2015/09/Channel51.png]
[www.makeproductions.com/wp-content/uploads/2015/09/EATN1.png]
[www.makeproductions.com/wp-content/uploads/2015/09/Bloomberg1.png]
[www.makeproductions.com/wp-content/uploads/2015/09/MakeLogo-Footer.png]
[www.makeproductions.com/wp-content/plugins/contact-form-7/includes/js/jquery.form.min.js]
[www.makeproductions.com/wp-content/plugins/contact-form-7/includes/js/scripts.js]
[www.makeproductions.com/wp-content/plugins/showcase-visual-composer-addon/assets/js/owl.carousel.min.js]
[www.makeproductions.com/wp-content/themes/rhythm/js/jquery.easing.1.3.js]
[www.makeproductions.com/wp-content/themes/rhythm/js/bootstrap.min.js]
[www.makeproductions.com/wp-content/themes/rhythm/js/jquery.scrollTo.min.js]
[www.makeproductions.com/wp-content/themes/rhythm/js/jquery.localScroll.min.js]
[www.makeproductions.com/wp-content/themes/rhythm/js/jquery.viewport.mini.js]
[www.makeproductions.com/wp-content/themes/rhythm/js/jquery.sticky.js]
[www.makeproductions.com/wp-content/themes/rhythm/js/jquery.parallax-1.1.3.js]
[www.makeproductions.com/wp-content/themes/rhythm/js/wow.min.js]
[www.makeproductions.com/wp-includes/js/comment-reply.min.js]
[www.makeproductions.com/wp-content/themes/rhythm/js/all.js]
[www.makeproductions.com/wp-includes/js/wp-embed.min.js]
[www.makeproductions.com/wp-content/themes/rhythm/js/jquery.magnific-popup.min.js]
[www.makeproductions.com/wp-content/themes/rhythm/js/jquery.mb.YTPlayer.js]
[www.makeproductions.com/wp-content/themes/rhythm/js/isotope.pkgd.min.js]
[www.makeproductions.com/wp-content/themes/rhythm/js/imagesloaded.pkgd.min.js]
[www.makeproductions.com/wp-content/themes/rhythm/js/packery-mode.pkgd.min.js]
[www.makeproductions.com/index.html]
[www.makeproductions.com/xmlrpc.php]
[www.makeproductions.com/wp-content/plugins/wysija-newsletters/css/validationEngine.jquery.css]
[www.makeproductions.com/wp-content/plugins/contact-form-7/includes/css/styles.css]
[www.makeproductions.com/wp-content/themes/rhythm/js/owl.carousel.min.js]
[www.makeproductions.com/wp-content/plugins/revslider/public/assets/fonts/revicons/revicons90c6.eot]
[www.makeproductions.com/wp-content/plugins/revslider/public/assets/fonts/revicons/revicons90c6.woff]
[www.makeproductions.com/wp-content/plugins/revslider/public/assets/fonts/revicons/revicons90c6.ttf]
[www.makeproductions.com/wp-content/plugins/revslider/public/assets/fonts/revicons/revicons90c6.svg]
[www.makeproductions.com/wp-content/plugins/revslider/public/assets/assets/gridtile.png]
[www.makeproductions.com/wp-content/plugins/revslider/public/assets/assets/gridtile_white.png]
[www.makeproductions.com/wp-content/plugins/revslider/public/assets/assets/gridtile_3x3.png]
[www.makeproductions.com/wp-content/plugins/revslider/public/assets/assets/gridtile_3x3_white.png]
[www.makeproductions.com/wp-content/plugins/revslider/public/assets/assets/coloredbg.png]
[www.makeproductions.com/wp-content/plugins/revslider/public/assets/css/settings.css]
[www.makeproductions.com/wp-content/plugins/revslider/public/assets/assets/loader.gif]
[www.makeproductions.com/wp-content/plugins/showcase-visual-composer-addon/assets/css/grabbing.png]
[www.makeproductions.com/wp-content/plugins/showcase-visual-composer-addon/assets/css/owl.carousel.min.css]
[www.makeproductions.com/wp-content/plugins/showcase-visual-composer-addon/assets/css/owl.theme.min.css]
[www.makeproductions.com/wp-content/plugins/showcase-visual-composer-addon/assets/images/ajax-loader.gif]
[www.makeproductions.com/wp-content/plugins/showcase-visual-composer-addon/assets/css/style.min.css]
[www.makeproductions.com/wp-content/themes/rhythm/css/bootstrap.min.css]
[www.makeproductions.com/wp-content/plugins/showcase-visual-composer-addon/assets/images/icon-sprite.png]
[www.makeproductions.com/wp-content/themes/rhythm/images/loader.gif]
[www.makeproductions.com/wp-content/themes/rhythm/css/style.css]
[www.makeproductions.com/wp-content/themes/rhythm/css/style-responsive.css]
[www.makeproductions.com/wp-content/themes/rhythm/css/animate.min.css]
[www.makeproductions.com/wp-content/themes/rhythm/css/vertical-rhythm.min.css]
[www.makeproductions.com/wp-content/themes/rhythm/images/pattern-bg-2.png]
[www.makeproductions.com/wp-content/themes/rhythm/css/grabbing.png]
[www.makeproductions.com/wp-content/themes/rhythm/css/owl.carousel.css]
[www.makeproductions.com/wp-content/themes/rhythm/css/magnific-popup.css]
[www.makeproductions.com/wp-content/themes/rhythm/fonts/fontawesome-webfontd41d.eot]
[www.makeproductions.com/wp-content/themes/rhythm/fonts/fontawesome-webfont5b62.eot]
[www.makeproductions.com/wp-content/themes/rhythm/fonts/fontawesome-webfont5b62.woff2]
[www.makeproductions.com/wp-content/themes/rhythm/fonts/fontawesome-webfont5b62.woff]
[www.makeproductions.com/wp-content/themes/rhythm/fonts/fontawesome-webfont5b62.svg]
[www.makeproductions.com/wp-content/themes/rhythm/css/font-awesome.min.css]
[www.makeproductions.com/wp-content/themes/rhythm/fonts/et-line.eot]
[www.makeproductions.com/wp-content/themes/rhythm/fonts/fontawesome-webfont5b62.ttf]
[www.makeproductions.com/wp-content/themes/rhythm/fonts/et-line.woff]
[www.makeproductions.com/wp-content/themes/rhythm/fonts/et-font.eot]
[www.makeproductions.com/wp-content/themes/rhythm/fonts/et-lined41d.eot]
[www.makeproductions.com/wp-content/themes/rhythm/fonts/et-line.svg]
[www.makeproductions.com/wp-content/themes/rhythm/fonts/et-line.ttf]
[www.makeproductions.com/wp-content/themes/rhythm/fonts/et-fontd41d.eot]
[www.makeproductions.com/wp-content/themes/rhythm/fonts/et-font.woff]
[www.makeproductions.com/wp-content/themes/rhythm/fonts/et-font.svg]
[www.makeproductions.com/wp-content/themes/rhythm/css/et-line.css]
[www.makeproductions.com/wp-content/themes/rhythm/style.css]
[www.makeproductions.com/wp-content/plugins/js_composer/assets/vc/alert.png]
[www.makeproductions.com/wp-content/themes/rhythm/fonts/et-font.ttf]
[www.makeproductions.com/wp-content/plugins/js_composer/assets/vc/info.png]
[www.makeproductions.com/wp-content/plugins/js_composer/assets/vc/tick.png]
[www.makeproductions.com/wp-content/plugins/js_composer/assets/vc/exclamation.png]
[www.makeproductions.com/wp-content/plugins/js_composer/assets/images/icons/address-book.png]
[www.makeproductions.com/wp-content/plugins/js_composer/assets/images/icons/alarm-clock.png]
[www.makeproductions.com/wp-content/plugins/js_composer/assets/images/icons/anchor.png]
[www.makeproductions.com/wp-content/plugins/js_composer/assets/images/icons/application-image.png]
[www.makeproductions.com/wp-content/plugins/js_composer/assets/images/icons/arrow.png]
[www.makeproductions.com/wp-content/plugins/js_composer/assets/images/icons/asterisk.png]
[www.makeproductions.com/wp-content/plugins/js_composer/assets/images/icons/auction-hammer.png]
[www.makeproductions.com/wp-content/plugins/js_composer/assets/images/icons/balloon.png]
[www.makeproductions.com/wp-content/plugins/js_composer/assets/images/icons/balloon-buzz.png]
[www.makeproductions.com/wp-content/plugins/js_composer/assets/images/icons/balloon-facebook.png]
[www.makeproductions.com/wp-content/plugins/js_composer/assets/images/icons/balloon-twitter.png]
[www.makeproductions.com/wp-content/plugins/js_composer/assets/images/icons/battery-full.png]
[www.makeproductions.com/wp-content/plugins/js_composer/assets/images/icons/binocular.png]
[www.makeproductions.com/wp-content/plugins/js_composer/assets/images/icons/blue-document-excel.png]
[www.makeproductions.com/wp-content/plugins/js_composer/assets/images/icons/blue-document-image.png]
[www.makeproductions.com/wp-content/plugins/js_composer/assets/images/icons/blue-document-music.png]
[www.makeproductions.com/wp-content/plugins/js_composer/assets/images/icons/blue-document-office.png]
[www.makeproductions.com/wp-content/plugins/js_composer/assets/images/icons/blue-document-pdf.png]
[www.makeproductions.com/wp-content/plugins/js_composer/assets/images/icons/blue-document-powerpoint.png]
[www.makeproductions.com/wp-content/plugins/js_composer/assets/images/icons/blue-document-word.png]
[www.makeproductions.com/wp-content/plugins/js_composer/assets/images/icons/bookmark.png]
[www.makeproductions.com/wp-content/plugins/js_composer/assets/images/icons/camcorder.png]
[www.makeproductions.com/wp-content/plugins/js_composer/assets/images/icons/camera.png]
[www.makeproductions.com/wp-content/plugins/js_composer/assets/images/icons/chart.png]
[www.makeproductions.com/wp-content/plugins/js_composer/assets/images/icons/chart-pie.png]
[www.makeproductions.com/wp-content/plugins/js_composer/assets/images/icons/clock.png]
[www.makeproductions.com/wp-content/plugins/js_composer/assets/images/icons/control.png]
[www.makeproductions.com/wp-content/plugins/js_composer/assets/images/icons/fire.png]
[www.makeproductions.com/wp-content/plugins/js_composer/assets/images/icons/heart.png]
[www.makeproductions.com/wp-content/plugins/js_composer/assets/images/icons/mail.png]
[www.makeproductions.com/wp-content/plugins/js_composer/assets/images/icons/plus-shield.png]
[www.makeproductions.com/wp-content/plugins/js_composer/assets/images/icons/video.png]
[www.makeproductions.com/wp-content/plugins/js_composer/assets/fonts/vc_icons/fonts/VC-Icons8309.ttf]
[www.makeproductions.com/wp-content/plugins/js_composer/assets/fonts/vc_icons/fonts/VC-Icons8309.woff]
[www.makeproductions.com/wp-content/plugins/js_composer/assets/fonts/vc_icons/fonts/VC-Icons8309.svg]
[www.makeproductions.com/wp-content/plugins/js_composer/assets/images/toggle_open.png]
[www.makeproductions.com/wp-content/plugins/js_composer/assets/images/toggle_close.png]
[www.makeproductions.com/wp-content/plugins/js_composer/assets/images/flickr.png]
[www.makeproductions.com/wp-content/plugins/js_composer/assets/vc/blur.svg]
[www.makeproductions.com/wp-content/plugins/js_composer/assets/fonts/vc_grid/vc_grid_v157a1.eot]
[www.makeproductions.com/wp-content/plugins/js_composer/assets/fonts/vc_grid/vc_grid_v1d41d.eot]
[www.makeproductions.com/wp-content/plugins/js_composer/assets/fonts/vc_grid/vc_grid_v157a1.woff]
[www.makeproductions.com/wp-content/plugins/js_composer/assets/fonts/vc_grid/vc_grid_v157a1.ttf]
[www.makeproductions.com/wp-content/plugins/js_composer/assets/fonts/vc_grid/vc_grid_v157a1.svg]
[www.makeproductions.com/wp-content/uploads/js_composer/js_composer_front_custom.css]
[www.makeproductions.com/wp-json/oembed/1.0/embedd1aa.json]
[www.makeproductions.com/showreel-trailers/feed/index.html]
[www.makeproductions.com/showreel-trailers/index.html]
[www.makeproductions.com/wp-json/oembed/1.0/embed16a1]
[www.makeproductions.com/portfolio/edible-wild/index.html]
[www.makeproductions.com/portfolio/talwars-behind-closed-doors/index.html]
[www.makeproductions.com/portfolio/great-green-wall/index.html]
[www.makeproductions.com/portfolio-all/index.html]
[www.makeproductions.com/wp-json/oembed/1.0/embedcd40.json]
[www.makeproductions.com/wp-json/oembed/1.0/embed8262]
[www.makeproductions.com/wp-content/uploads/2016/09/sk.jpg]
[www.makeproductions.com/wp-content/uploads/2016/09/sm.jpg]
[www.makeproductions.com/wp-content/uploads/2017/11/Brad-2-e1510979010364.jpg]
[www.makeproductions.com/wp-content/uploads/2015/09/IMG_7384-e1510979116276.jpg]
[www.makeproductions.com/wp-content/uploads/2016/09/etoc.jpg]
[www.makeproductions.com/wp-content/uploads/2015/09/Yeennie-Pic-e1519293659410.jpg]
[www.makeproductions.com/wp-content/uploads/2015/09/LeoMAKEWebsite-e1510979992803.jpg]
[www.makeproductions.com/wp-content/uploads/2017/03/IMG_7116-e1490962846353.jpg]
[www.makeproductions.com/wp-content/uploads/2015/09/IMG_7390-e1510979490609.jpg]
[www.makeproductions.com/wp-content/uploads/2017/03/IMG_7115-e1510979752383.jpg]
[www.makeproductions.com/wp-content/uploads/2018/01/IMG_8321-e1515752729466.jpg]
[www.makeproductions.com/wp-content/uploads/2017/03/IMG_7117-e1490963684980.jpg]
[www.makeproductions.com/wp-content/uploads/2015/09/Amirah-Pic-e1519293773252.jpg]
[www.makeproductions.com/wp-content/themes/rhythm/js/jquery.simple-text-rotator.min.js]
[www.makeproductions.com/who/index.html]
[www.makeproductions.com/wp-json/oembed/1.0/embed93a5.json]
[www.makeproductions.com/wp-json/oembed/1.0/embeda4d7]
[www.makeproductions.com/wp-content/uploads/2017/10/talwars-e1515990146119.png]
[www.makeproductions.com/wp-content/uploads/2018/01/talwars1-e1516263186477.png]
[www.makeproductions.com/wp-content/uploads/2018/01/talwars2-e1516263237948.png]
[www.makeproductions.com/wp-content/uploads/2018/01/talwars4-e1516263138487.png]
[www.makeproductions.com/wp-content/uploads/2018/01/talwars6-e1516604111971.png]
[www.makeproductions.com/wp-content/uploads/2018/01/talwars3-e1516263302864.png]
[www.makeproductions.com/wp-content/uploads/2018/01/its.png]
[www.makeproductions.com/wp-content/uploads/2015/09/lego6.png]
[www.makeproductions.com/wp-content/uploads/2015/09/lego2.png]
[www.makeproductions.com/wp-content/uploads/2015/09/lego4.png]
[www.makeproductions.com/wp-content/uploads/2015/09/lego5.png]
[www.makeproductions.com/wp-content/uploads/2015/09/lego1.png]
[www.makeproductions.com/wp-content/uploads/2015/09/lego3.png]
[www.makeproductions.com/wp-content/uploads/2016/10/UITNODIGING-AVANT-PREMIERE-BACK-TO-UTOPIA.jpg]
[www.makeproductions.com/wp-content/uploads/2018/01/utopia4-e1516604830442.png]
[www.makeproductions.com/wp-content/uploads/2018/01/utopia3-e1516604803225.png]
[www.makeproductions.com/wp-content/uploads/2018/01/utopia6-e1516607239576.png]
[www.makeproductions.com/wp-content/uploads/2018/01/utopia2-e1516606316166.png]
[www.makeproductions.com/wp-content/uploads/2018/01/utopia5-e1516606153457.png]
